Microsoft (R) Macro Assembler Version 14.39.33522.0	    04/18/24 17:18:30
example.asm						     Page 1 - 1


				﻿; Example assembly language program -- adds two numbers
example.asm(1) : error A2044:invalid character in file
				; Author:  R. Detmer
				; Date:    1/2008

				.586
				.MODEL FLAT

				INCLUDE io.h            ; header file for input/output
			      C ; IO.H -- header file for I/O macros (listing suppressed)
			      C .NOLIST      ; turn off listing
			      C .LIST        ; begin listing
			      C 

				.STACK 4096

 00000000			.DATA
 00000000 00000006		n DWORD 6
 00000004 00000002		r DWORD 2
 00000008 00000000		result DWORD ?

 00000000			.CODE
 00000000			_MainProc PROC

 00000000  8B 1D 00000000 R	mov EBX, n
 00000006  E8 00000000		call myFac

 0000000B			myFac PROC
 0000000B  55			push EBP
 0000000C  8B EC		mov EBP, ESP
 0000000E  53			push EBX
 0000000F  8B C3		mov EAX, EBX

 00000011			FAC:
 00000011  83 FB 01		cmp EBX, 1
 00000014  7E 09		jle LEND
 00000016  4B			dec EBX
 00000017  0F AF C3		imul EAX, EBX
 0000001A  83 FB 00		cmp EBX, 0
 0000001D  75 F2		jnz FAC

 0000001F			LEND:
 0000001F  5B			pop EBX
 00000020  8B EC		mov EBP, ESP
 00000022  5D			pop EBP
 00000023  C3			ret

 00000024			myFac ENDP


 00000024			_MainProc ENDP

				END                             ; end of source code



Microsoft (R) Macro Assembler Version 14.39.33522.0	    04/18/24 17:18:30
example.asm						     Symbols 2 - 1




Macros:

                N a m e                 Type

atod . . . . . . . . . . . . . .	Proc
atow . . . . . . . . . . . . . .	Proc
dtoa . . . . . . . . . . . . . .	Proc
input  . . . . . . . . . . . . .	Proc
output . . . . . . . . . . . . .	Proc
wtoa . . . . . . . . . . . . . .	Proc


Segments and Groups:

                N a m e                 Size     Length   Align   Combine Class

FLAT . . . . . . . . . . . . . .	GROUP
STACK  . . . . . . . . . . . . .	32 Bit	 00001000 Para	  Stack	  'STACK'	 
_DATA  . . . . . . . . . . . . .	32 Bit	 0000000C Para	  Public  'DATA'	
_TEXT  . . . . . . . . . . . . .	32 Bit	 00000024 Para	  Public  'CODE'	


Procedures, parameters, and locals:

                N a m e                 Type     Value    Attr

_MainProc  . . . . . . . . . . .	P Near	 00000000 _TEXT	Length= 00000024 Public
myFac  . . . . . . . . . . . . .	P Near	 0000000B _TEXT	Length= 00000019 Public
  FAC  . . . . . . . . . . . . .	L Near	 00000011 _TEXT	
  LEND . . . . . . . . . . . . .	L Near	 0000001F _TEXT	


Symbols:

                N a m e                 Type     Value    Attr

@CodeSize  . . . . . . . . . . .	Number	 00000000h   
@DataSize  . . . . . . . . . . .	Number	 00000000h   
@Interface . . . . . . . . . . .	Number	 00000000h   
@Model . . . . . . . . . . . . .	Number	 00000007h   
@code  . . . . . . . . . . . . .	Text   	 _TEXT
@data  . . . . . . . . . . . . .	Text   	 FLAT
@fardata?  . . . . . . . . . . .	Text   	 FLAT
@fardata . . . . . . . . . . . .	Text   	 FLAT
@stack . . . . . . . . . . . . .	Text   	 FLAT
_getInput  . . . . . . . . . . .	L Near	 00000000 FLAT	External
_showOutput  . . . . . . . . . .	L Near	 00000000 FLAT	External
atodproc . . . . . . . . . . . .	L Near	 00000000 FLAT	External
atowproc . . . . . . . . . . . .	L Near	 00000000 FLAT	External
dtoaproc . . . . . . . . . . . .	L Near	 00000000 FLAT	External
n  . . . . . . . . . . . . . . .	DWord	 00000000 _DATA	
result . . . . . . . . . . . . .	DWord	 00000008 _DATA	
r  . . . . . . . . . . . . . . .	DWord	 00000004 _DATA	
wtoaproc . . . . . . . . . . . .	L Near	 00000000 FLAT	External

	   0 Warnings
	   1 Errors
